pybullet build time: Sep  7 2026 00:15:11
[local_eval] MYSOLVER_OPTIMIZE_BUDGET=45.0s (開発用の短縮予算)

--- running suite_A08_2c_140_extreme.json::000 ---
argv[0]=
pybullet build time: Sep  7 2026 00:15:11
transport item 47
place item 47
transport item 128
place item 128
transport item 24
place item 24
transport item 46
place item 46
transport item 60
place item 60
transport item 85
place item 85
transport item 80
place item 80
transport item 105
place item 105
transport item 106
place item 106
transport item 96
place item 96
transport item 110
place item 110
transport item 83
place item 83
transport item 32
place item 32
transport item 97
place item 97
transport item 91
place item 91
transport item 27
place item 27
transport item 64
place item 64
transport item 79
place item 79
transport item 34
place item 34
transport item 63
collision: 63 and 105 at (np.float32(-0.1345), np.float32(-0.725), np.float32(0.3406)), distance -0.09919254641192832
collision: 63 and 96 at (np.float32(-0.1345), np.float32(-0.725), np.float32(0.3406)), distance -0.14575081067094323
item 63 not packable. removed.
item 47 not inside (hit boundary plane), [ 2.22109162e-05 -1.85003042e-02 -1.53002221e+00 -1.90149970e+00
 -9.99599164e-01 -1.38943521e+00 -2.05647851e-02]
item 24 not inside (hit boundary plane), [ 1.09434166e-05 -8.77388024e-01 -1.53001094e+00 -1.04261198e+00
 -4.21857099e-01 -1.38720851e+00 -2.27914855e-02]
item 105 not inside (hit boundary plane), [ 9.07087056e-06 -8.97301770e-01 -1.53000907e+00 -1.02269823e+00
 -4.08463049e-01 -6.63309094e-01 -7.46690906e-01]
item 96 not inside (hit boundary plane), [ 1.22991093e-05 -9.21066468e-01 -1.53001230e+00 -9.98933532e-01
 -3.92474795e-01 -6.42752587e-01 -7.67247413e-01]
item 128 not inside (hit boundary plane), [ 2.98788198e-05 -9.29621169e-01 -1.53002988e+00 -9.90378831e-01
 -3.86707272e-01 -1.39253822e+00 -1.74617833e-02]
item 60 not inside (hit boundary plane), [ 9.65664521e-06 -1.43474932e+00 -1.53000966e+00 -4.85250677e-01
 -4.69362688e-02 -1.39565222e+00 -1.43477780e-02]
item 110 not inside (hit boundary plane), [-6.24941400e-05 -9.45059615e-01 -1.52993751e+00 -9.74940385e-01
 -3.76390600e-01 -7.24439400e-01 -6.85560600e-01]
item 97 not inside (hit boundary plane), [ 1.56487869e-05 -1.47501090e+00 -1.53001565e+00 -4.44989100e-01
 -1.98489672e-02 -6.13427759e-01 -7.96572241e-01]
close env.
closed runner.
  done in 50.6s (status: Stopped in the middle. Did not satisfy ['is_valid', 'is_placed_safe'])

--- running suite_A01_1c_40_plain.json::000 ---
argv[0]=
pybullet build time: Sep  7 2026 00:15:11
transport item 12
place item 12
transport item 24
place item 24
transport item 25
place item 25
transport item 30
place item 30
transport item 31
place item 31
transport item 36
place item 36
transport item 9
place item 9
transport item 28
place item 28
transport item 34
place item 34
transport item 32
place item 32
transport item 27
place item 27
transport item 39
place item 39
transport item 21
place item 21
transport item 37
place item 37
transport item 6
place item 6
transport item 20
place item 20
transport item 7
place item 7
transport item 22
place item 22
transport item 33
place item 33
transport item 4
place item 4
transport item 11
place item 11
transport item 5
place item 5
transport item 29
place item 29
transport item 16
collision: 16 and 6 at (np.float32(-0.248), np.float32(-0.725), np.float32(0.1326)), distance -0.18012131256691555
item 16 not packable. removed.
item 12 not inside (hit boundary plane), [ 7.07226644e-05 -7.13932838e-01 -1.53007072e+00 -1.20606716e+00
 -5.31764722e-01 -1.39145324e+00 -1.85467623e-02]
item 24 not inside (hit boundary plane), [ 3.06569061e-04 -7.44135021e-01 -1.53030657e+00 -1.17586498e+00
 -5.11274024e-01 -1.39202735e+00 -1.79726452e-02]
item 27 not inside (hit boundary plane), [ 4.13612728e-05 -6.98012769e-01 -1.53004136e+00 -1.22198723e+00
 -5.42495445e-01 -7.70601818e-01 -6.39398182e-01]
item 39 not inside (hit boundary plane), [ 1.33950658e-05 -7.25768615e-01 -1.53001340e+00 -1.19423138e+00
 -5.23845536e-01 -3.42523399e-01 -1.06747660e+00]
item 37 not inside (hit boundary plane), [ 1.85025816e-04 -1.79777627e-02 -1.53018503e+00 -1.90202224e+00
 -9.99830190e-01 -4.95640040e-01 -9.14359960e-01]
item 6 not inside (hit boundary plane), [ 1.26160647e-05 -1.45588523e+00 -1.53001262e+00 -4.64114770e-01
 -3.27165293e-02 -1.76232241e-01 -1.23376776e+00]
close env.
closed runner.
  done in 44.1s (status: Stopped in the middle. Did not satisfy ['is_valid', 'is_placed_safe'])

--- running suite_D05_A_1c_40_tall.json::000 ---
argv[0]=
pybullet build time: Sep  7 2026 00:15:11
transport item 10
place item 10
transport item 27
place item 27
transport item 29
place item 29
transport item 7
place item 7
transport item 18
place item 18
transport item 34
place item 34
transport item 24
place item 24
transport item 17
place item 17
transport item 32
place item 32
transport item 30
place item 30
transport item 33
place item 33
transport item 28
place item 28
transport item 9
place item 9
transport item 16
place item 16
transport item 12
collision: 12 and 24 at (np.float32(-0.298), np.float32(-0.725), np.float32(0.1781)), distance -0.041002850208026215
item 12 not packable. removed.
item 10 not inside (hit boundary plane), [ 3.95843307e-05 -2.04211435e-02 -1.53003958e+00 -1.89957886e+00
 -9.98294212e-01 -1.39213859e+00 -1.78614147e-02]
item 27 not inside (hit boundary plane), [ 8.61736016e-05 -7.90901136e-01 -1.53008617e+00 -1.12909886e+00
 -4.79978810e-01 -1.38211435e+00 -2.78856513e-02]
item 34 not inside (hit boundary plane), [-1.32924693e-05 -2.03550052e-02 -1.52998671e+00 -1.89964499e+00
 -9.98377827e-01 -6.14994770e-02 -1.34850052e+00]
item 24 not inside (hit boundary plane), [-7.23782905e-07 -7.56725526e-01 -1.52999928e+00 -1.16327447e+00
 -5.03032111e-01 -7.56380253e-01 -6.53619747e-01]
close env.
closed runner.
  done in 44.1s (status: Stopped in the middle. Did not satisfy ['is_valid', 'is_placed_safe'])

=== シーン別結果 ===
scene                      | fill    | cog     | stability | placement | soft    | placed      | placed%  | fill_cnt% | opt[s]  | policy[s] | status                                    
----------------------------------------------------------------------------------------------------------------------------------------------------------------------------------------
suite_A08_2c_140_extreme.j | 24.11   | 64.34   | 98.57     | 100.00    | 100.00  | 19/140      | 13.6     | 57.9      | 45.55   | 0.27      | Stopped in the middle. Did not satisfy ['i
suite_A01_1c_40_plain.json | 26.15   | 59.38   | 97.90     | 100.00    | 100.00  | 23/40       | 57.5     | 73.9      | 37.03   | 0.17      | Stopped in the middle. Did not satisfy ['i
suite_D05_A_1c_40_tall.jso | 25.27   | 49.05   | 98.01     | 100.00    | 100.00  | 14/40       | 35.0     | 71.4      | 41.12   | 0.13      | Stopped in the middle. Did not satisfy ['i

=== 足切り閾値 感度分析(仮説ごとの突破可否・合成スコア) ===
scene                      | count>=10       | count>=15       | count>=20       | count>=30%total | count>=50%total | volume>=30%container | volume>=50%container
------------------------------------------------------------------------------------------------------------------------------------------------------------------
suite_A08_2c_140_extreme.j | O  77.4         | O  77.4         | X   4.8         | X   4.8         | X   4.8         | O  77.4         | X   4.8        
suite_A01_1c_40_plain.json | O  76.7         | O  76.7         | O  76.7         | O  76.7         | O  76.7         | O  76.7         | X   5.2        
suite_D05_A_1c_40_tall.jso | O  74.5         | X   5.1         | X   5.1         | O  74.5         | X   5.1         | O  74.5         | X   5.1        
------------------------------------------------------------------------------------------------------------------------------------------------------------------
突破シーン数                     | 3/3             | 2/3             | 1/3             | 2/3             | 1/3             | 3/3             | 0/3            
合成スコア平均                    |  76.2           |  53.0           |  28.9           |  52.0           |  28.9           |  76.2           |   5.0          

(参考) 足切りを考慮しない場合の合成スコア平均(全シーンclearedと仮定):  76.2
最下位シーンの積載個数: suite_D05_A_1c_40_tall.json::000 -> 14/40 個

=== 平均 ===
fill_score      : 25.18
cog_score       : 57.59
stability_score : 98.16
placement_score : 100.00
soft_item_score : 100.00
num_placed_items: 35.4%
fill_counted_ratio: 67.7%
(scored 3/3 scenes)
