pybullet build time: Sep  7 2026 00:15:11
[local_eval] MYSOLVER_OPTIMIZE_BUDGET=45.0s (開発用の短縮予算)

--- running suite_A01_1c_40_plain.json::000 ---
argv[0]=
pybullet build time: Sep  7 2026 00:15:11
transport item 17
place item 17
transport item 14
place item 14
transport item 39
place item 39
transport item 33
place item 33
transport item 22
place item 22
transport item 7
place item 7
transport item 4
place item 4
transport item 20
place item 20
transport item 34
place item 34
transport item 29
place item 29
transport item 27
place item 27
transport item 5
place item 5
transport item 6
place item 6
transport item 0
place item 0
transport item 30
place item 30
transport item 12
place item 12
transport item 24
place item 24
transport item 25
place item 25
transport item 31
place item 31
transport item 36
place item 36
transport item 9
place item 9
transport item 28
collision: 28 and 0 at (np.float32(-0.161), np.float32(-0.725), np.float32(0.1736)), distance -0.09332286747394757
item 28 not packable. removed.
item 17 not inside (hit boundary plane), [ 1.21435652e-06 -8.54834678e-01 -1.53000121e+00 -1.06516532e+00
 -4.37035320e-01 -1.38999871e+00 -2.00012947e-02]
item 14 not inside (hit boundary plane), [ 9.51172744e-06 -1.39081332e+00 -1.53000951e+00 -5.29186680e-01
 -7.64909299e-02 -1.39632658e+00 -1.36734216e-02]
item 39 not inside (hit boundary plane), [-1.15465856e-05 -2.55275647e-01 -1.52998845e+00 -1.66472435e+00
 -8.40351811e-01 -7.19550912e-01 -6.90449088e-01]
item 33 not inside (hit boundary plane), [-2.23679819e-05 -1.47436264e+00 -1.52997763e+00 -4.45637361e-01
 -2.03131647e-02 -9.36861016e-01 -4.73138984e-01]
item 0 not inside (hit boundary plane), [ 4.43821717e-06 -8.85623053e-01 -1.53000444e+00 -1.03437695e+00
 -4.16322432e-01 -7.05678780e-01 -7.04321220e-01]
item 30 not inside (hit boundary plane), [ 2.77681905e-06 -6.47276979e-01 -1.53000278e+00 -1.27272302e+00
 -5.76652581e-01 -6.91646868e-01 -7.18353132e-01]
close env.
closed runner.
  done in 54.2s (status: Stopped in the middle. Did not satisfy ['is_valid', 'is_placed_safe'])

--- running suite_B01_1c_40_plain.json::000 ---
argv[0]=
pybullet build time: Sep  7 2026 00:15:11
transport item 4
place item 4
transport item 7
place item 7
transport item 11
place item 11
transport item 1
place item 1
transport item 12
place item 12
transport item 0
place item 0
transport item 6
place item 6
transport item 16
place item 16
transport item 15
place item 15
transport item 10
place item 10
transport item 19
place item 19
transport item 20
place item 20
transport item 14
place item 14
transport item 8
place item 8
transport item 18
place item 18
transport item 23
place item 23
transport item 25
place item 25
transport item 17
place item 17
transport item 27
place item 27
transport item 21
place item 21
transport item 29
place item 29
transport item 24
place item 24
transport item 28
place item 28
transport item 31
place item 31
transport item 2
collision: 2 and 20 at (np.float32(-0.263), np.float32(-0.725), np.float32(0.2201)), distance -0.04025199192611978
collision: 2 and 14 at (np.float32(-0.263), np.float32(-0.725), np.float32(0.2201)), distance -0.25588654085511303
collision: 2 and 18 at (np.float32(-0.263), np.float32(-0.725), np.float32(0.2201)), distance -0.09429042272112982
item 2 not packable. removed.
item 4 not inside (hit boundary plane), [ 9.60548445e-06 -2.01995179e-02 -1.53000961e+00 -1.89980048e+00
 -9.98465476e-01 -1.39079481e+00 -1.92051879e-02]
item 7 not inside (hit boundary plane), [ 1.89781392e-05 -4.90218757e-01 -1.53001898e+00 -1.42978124e+00
 -6.82289386e-01 -1.38979896e+00 -2.02010400e-02]
item 11 not inside (hit boundary plane), [ 3.97616407e-05 -8.46262855e-01 -1.53003976e+00 -1.07373715e+00
 -4.42772829e-01 -1.39420997e+00 -1.57900307e-02]
item 1 not inside (hit boundary plane), [ 0.0054407  -0.02960231 -1.5354407  -1.89039769 -0.98812179 -1.00510173
 -0.40489827]
item 10 not inside (hit boundary plane), [ 1.08449462e-04 -4.63325678e-01 -1.53010845e+00 -1.45667432e+00
 -7.00313426e-01 -7.55283264e-01 -6.54716736e-01]
item 20 not inside (hit boundary plane), [ 0.00513567 -0.48618358 -1.53513567 -1.43381642 -0.68121769 -0.61953598
 -0.79046402]
item 14 not inside (hit boundary plane), [ 9.17144450e-06 -1.04010430e+00 -1.53000917e+00 -8.79895697e-01
 -3.12403596e-01 -7.36764391e-01 -6.73235609e-01]
close env.
closed runner.
  done in 21.5s (status: Stopped in the middle. Did not satisfy ['is_valid', 'is_placed_safe'])

--- running suite_A04_2c_80_noprio.json::000 ---
argv[0]=
pybullet build time: Sep  7 2026 00:15:11
transport item 22
place item 22
transport item 41
place item 41
transport item 1
place item 1
transport item 30
place item 30
transport item 26
place item 26
transport item 18
place item 18
transport item 4
place item 4
transport item 58
place item 58
transport item 56
place item 56
transport item 15
place item 15
transport item 20
place item 20
transport item 52
place item 52
transport item 9
place item 9
transport item 77
place item 77
transport item 48
place item 48
transport item 69
place item 69
transport item 6
place item 6
transport item 11
place item 11
transport item 43
place item 43
transport item 76
place item 76
transport item 34
place item 34
transport item 37
place item 37
transport item 5
place item 5
transport item 57
place item 57
transport item 67
place item 67
transport item 78
place item 78
transport item 61
place item 61
transport item 8
collision: 8 and 56 at (np.float32(-0.146), np.float32(-0.725), np.float32(0.3436)), distance -0.10268189561202741
collision: 8 and 20 at (np.float32(-0.146), np.float32(-0.725), np.float32(0.3436)), distance -0.08943747995489056
collision: 8 and 77 at (np.float32(-0.146), np.float32(-0.725), np.float32(0.3436)), distance -0.2617552292856005
item 8 not packable. removed.
item 22 not inside (hit boundary plane), [ 1.78008683e-05 -2.07375925e-02 -1.53001780e+00 -1.89926241e+00
 -9.98097464e-01 -7.92898363e-01 -6.17101637e-01]
item 1 not inside (hit boundary plane), [ 1.57809027e-05 -1.01417473e+00 -1.53001578e+00 -9.05825268e-01
 -3.29840822e-01 -1.39613669e+00 -1.38633070e-02]
item 56 not inside (hit boundary plane), [ 2.10314036e-04 -1.44244437e-02 -1.53021031e+00 -1.90557556e+00
 -1.00220170e+00 -7.63644415e-01 -6.46355585e-01]
item 77 not inside (hit boundary plane), [ 1.11586432e-05 -1.20819407e+00 -1.53001116e+00 -7.11805931e-01
 -1.99332713e-01 -6.85019318e-01 -7.24980682e-01]
item 41 not inside (hit boundary plane), [ 2.75792587e-05 -1.69416465e-02 -1.53002758e+00 -1.90305835e+00
 -1.00064366e+00 -1.39196445e+00 -1.80355456e-02]
item 30 not inside (hit boundary plane), [ 3.28060223e-05 -9.35492746e-01 -1.53003281e+00 -9.84507254e-01
 -3.82755456e-01 -1.39572404e+00 -1.42759584e-02]
item 15 not inside (hit boundary plane), [ 9.49944051e-06 -2.64983945e-02 -1.53000950e+00 -1.89350161e+00
 -9.94228472e-01 -7.52130536e-01 -6.57869464e-01]
item 11 not inside (hit boundary plane), [ 6.50762328e-06 -1.20073537e+00 -1.53000651e+00 -7.19264631e-01
 -2.04353419e-01 -8.46594892e-01 -5.63405108e-01]
item 76 not inside (hit boundary plane), [-6.57191496e-06 -9.17702598e-01 -1.52999343e+00 -1.00229740e+00
 -3.94751542e-01 -2.50959007e-01 -1.15904099e+00]
close env.
closed runner.
  done in 39.9s (status: Stopped in the middle. Did not satisfy ['is_valid', 'is_placed_safe'])

--- running suite_D04_A_1c_40_flat.json::000 ---
argv[0]=
pybullet build time: Sep  7 2026 00:15:11
transport item 27
place item 27
transport item 14
place item 14
transport item 26
place item 26
transport item 10
place item 10
transport item 6
place item 6
transport item 2
place item 2
transport item 34
place item 34
transport item 30
place item 30
transport item 21
place item 21
transport item 20
place item 20
transport item 0
place item 0
transport item 33
place item 33
transport item 25
place item 25
transport item 13
place item 13
transport item 7
place item 7
transport item 29
place item 29
transport item 15
place item 15
transport item 22
collision: 22 and 25 at (np.float32(-0.3165), np.float32(-0.725), np.float32(0.2096)), distance -0.1489672401250412
collision: 22 and 7 at (np.float32(-0.3165), np.float32(-0.725), np.float32(0.2096)), distance -0.1091812836425459
item 22 not packable. removed.
item 27 not inside (hit boundary plane), [ 1.38497859e-05 -1.98709341e-02 -1.53001385e+00 -1.90012907e+00
 -9.98683365e-01 -1.19793459e+00 -2.12065413e-01]
item 14 not inside (hit boundary plane), [ 1.83257188e-05 -1.03379697e+00 -1.53001833e+00 -8.86203026e-01
 -3.16639591e-01 -1.05460094e+00 -3.55399058e-01]
item 6 not inside (hit boundary plane), [ 1.87791232e-05 -9.66806765e-01 -1.53001878e+00 -9.53193235e-01
 -3.61701747e-01 -1.07027110e+00 -3.39728896e-01]
item 34 not inside (hit boundary plane), [ 1.51213938e-05 -1.40468686e+00 -1.53001512e+00 -5.15313141e-01
 -6.71544266e-02 -8.19057546e-01 -5.90942454e-01]
item 30 not inside (hit boundary plane), [ 2.32774236e-05 -3.91382157e-01 -1.53002328e+00 -1.52861784e+00
 -7.48770897e-01 -8.02829781e-01 -6.07170219e-01]
item 25 not inside (hit boundary plane), [ 2.10177173e-05 -9.36153637e-01 -1.53002102e+00 -9.83846363e-01
 -3.82319615e-01 -4.87998264e-01 -9.22001736e-01]
item 13 not inside (hit boundary plane), [ 7.47344172e-06 -2.00020925e-02 -1.53000747e+00 -1.89999791e+00
 -9.98599856e-01 -6.04290474e-02 -1.34957095e+00]
close env.
closed runner.
  done in 73.0s (status: Stopped in the middle. Did not satisfy ['is_valid', 'is_placed_safe'])

--- running suite_A05_2c_80_prio.json::000 ---
argv[0]=
pybullet build time: Sep  7 2026 00:15:11
transport item 9
place item 9
transport item 71
place item 71
transport item 49
place item 49
transport item 61
place item 61
transport item 3
place item 3
transport item 68
place item 68
transport item 40
place item 40
transport item 79
place item 79
transport item 18
place item 18
transport item 31
place item 31
transport item 74
place item 74
transport item 7
place item 7
transport item 22
place item 22
transport item 77
place item 77
transport item 72
place item 72
transport item 5
place item 5
transport item 26
place item 26
transport item 60
place item 60
transport item 54
place item 54
transport item 20
place item 20
transport item 8
collision: 8 and 3 at (np.float32(-0.169), np.float32(-0.725), np.float32(0.2066)), distance -0.05900280674317629
collision: 8 and 68 at (np.float32(-0.169), np.float32(-0.725), np.float32(0.2066)), distance -0.19795724513008
item 8 not packable. removed.
item 9 not inside (hit boundary plane), [ 7.37781572e-06 -9.01910158e-01 -1.53000738e+00 -1.01808984e+00
 -4.05364365e-01 -1.38568021e+00 -2.43197918e-02]
item 71 not inside (hit boundary plane), [ 1.19647321e-05 -1.44987559e+00 -1.53001196e+00 -4.70124415e-01
 -3.67595359e-02 -1.39671093e+00 -1.32890708e-02]
item 3 not inside (hit boundary plane), [ 1.77285949e-05 -1.29691447e-02 -1.53001773e+00 -1.90703086e+00
 -1.00332314e+00 -1.04751158e+00 -3.62488418e-01]
item 68 not inside (hit boundary plane), [ 0.0206661  -1.01191243 -1.5506661  -0.90808757 -0.31608262 -0.7473579
 -0.6626421 ]
item 18 not inside (hit boundary plane), [ 1.50042089e-05 -6.24973068e-01 -1.53001500e+00 -1.29502693e+00
 -5.91646768e-01 -1.39258981e+00 -1.74101898e-02]
item 31 not inside (hit boundary plane), [ 2.04572281e-05 -8.85580801e-01 -1.53002046e+00 -1.03441920e+00
 -4.16339001e-01 -1.39898583e+00 -1.10141732e-02]
item 7 not inside (hit boundary plane), [ 1.16578325e-04 -1.99877414e-02 -1.53011658e+00 -1.90001226e+00
 -9.98528779e-01 -6.79503451e-01 -7.30496549e-01]
item 77 not inside (hit boundary plane), [ 6.15642280e-06 -1.39768006e+00 -1.53000616e+00 -5.22319943e-01
 -7.18743455e-02 -6.65486513e-01 -7.44513487e-01]
close env.
closed runner.
  done in 67.8s (status: Stopped in the middle. Did not satisfy ['is_valid', 'is_placed_safe'])

--- running suite_D05_A_1c_40_tall.json::000 ---
argv[0]=
pybullet build time: Sep  7 2026 00:15:11
transport item 10
place item 10
transport item 27
place item 27
transport item 26
place item 26
transport item 7
place item 7
transport item 36
place item 36
transport item 24
place item 24
transport item 29
place item 29
transport item 2
place item 2
transport item 18
place item 18
transport item 35
place item 35
transport item 23
place item 23
transport item 4
place item 4
transport item 16
place item 16
transport item 9
place item 9
transport item 28
place item 28
transport item 3
place item 3
transport item 21
place item 21
transport item 34
place item 34
transport item 17
collision: 17 and 2 at (np.float32(-0.2445), np.float32(-0.725), np.float32(0.2316)), distance -0.2429760543326182
collision: 17 and 35 at (np.float32(-0.2445), np.float32(-0.725), np.float32(0.2316)), distance -0.011058374077064514
collision: 17 and 23 at (np.float32(-0.2445), np.float32(-0.725), np.float32(0.2316)), distance -0.014718815806789307
item 17 not packable. removed.
item 10 not inside (hit boundary plane), [ 3.80388510e-05 -2.04621608e-02 -1.53003804e+00 -1.89953784e+00
 -9.98267764e-01 -1.39158444e+00 -1.84155641e-02]
item 27 not inside (hit boundary plane), [ 3.12250619e-05 -7.89783234e-01 -1.53003123e+00 -1.13021677e+00
 -4.80771451e-01 -1.38064393e+00 -2.93560717e-02]
item 29 not inside (hit boundary plane), [ 1.68944094e-06 -2.00212306e-02 -1.53000169e+00 -1.89997877e+00
 -9.98591263e-01 -7.48639412e-01 -6.61360588e-01]
item 2 not inside (hit boundary plane), [ 0.01881246 -1.40468305 -1.54881246 -0.51531695 -0.05324808 -0.67522883
 -0.73477117]
close env.
closed runner.
  done in 62.5s (status: Stopped in the middle. Did not satisfy ['is_valid', 'is_placed_safe'])

=== シーン別結果 ===
scene                      | fill    | cog     | stability | placement | soft    | placed      | placed%  | fill_cnt% | opt[s]  | policy[s] | status                                    
----------------------------------------------------------------------------------------------------------------------------------------------------------------------------------------
suite_A01_1c_40_plain.json | 23.30   | 61.54   | 98.32     | 100.00    | 100.00  | 21/40       | 52.5     | 71.4      | 48.09   | 0.14      | Stopped in the middle. Did not satisfy ['i
suite_B01_1c_40_plain.json | 27.83   | 61.21   | 97.56     | 100.00    | 100.00  | 24/40       | 60.0     | 70.8      | 0.00    | 1.47      | Stopped in the middle. Did not satisfy ['i
suite_A04_2c_80_noprio.jso | 24.05   | 54.56   | 98.23     | 100.00    | 100.00  | 27/80       | 33.8     | 66.7      | 29.99   | 0.23      | Stopped in the middle. Did not satisfy ['i
suite_D04_A_1c_40_flat.jso | 14.72   | 56.46   | 98.22     | 100.00    | 100.00  | 17/40       | 42.5     | 58.8      | 68.58   | 0.16      | Stopped in the middle. Did not satisfy ['i
suite_A05_2c_80_prio.json: | 20.31   | 60.29   | 98.53     | 57.14     | 100.00  | 20/80       | 25.0     | 60.0      | 62.08   | 0.27      | Stopped in the middle. Did not satisfy ['i
suite_D05_A_1c_40_tall.jso | 30.62   | 54.68   | 97.93     | 100.00    | 100.00  | 18/40       | 45.0     | 77.8      | 57.93   | 0.12      | Stopped in the middle. Did not satisfy ['i

=== 足切り閾値 感度分析(仮説ごとの突破可否・合成スコア) ===
scene                      | count>=10       | count>=15       | count>=20       | count>=30%total | count>=50%total | volume>=30%container | volume>=50%container
------------------------------------------------------------------------------------------------------------------------------------------------------------------
suite_A01_1c_40_plain.json | O  76.6         | O  76.6         | O  76.6         | O  76.6         | O  76.6         | O  76.6         | X   4.7        
suite_B01_1c_40_plain.json | O  77.3         | O  77.3         | O  77.3         | O  77.3         | O  77.3         | O  77.3         | X   5.6        
suite_A04_2c_80_noprio.jso | O  75.4         | O  75.4         | O  75.4         | O  75.4         | X   4.8         | O  75.4         | X   4.8        
suite_D04_A_1c_40_flat.jso | O  73.9         | O  73.9         | X   2.9         | O  73.9         | X   2.9         | O  73.9         | X   2.9        
suite_A05_2c_80_prio.json: | O  67.3         | O  67.3         | O  67.3         | X   4.1         | X   4.1         | O  67.3         | X   4.1        
suite_D05_A_1c_40_tall.jso | O  76.6         | O  76.6         | X   6.1         | O  76.6         | X   6.1         | O  76.6         | X   6.1        
------------------------------------------------------------------------------------------------------------------------------------------------------------------
突破シーン数                     | 6/6             | 6/6             | 4/6             | 5/6             | 2/6             | 6/6             | 0/6            
合成スコア平均                    |  74.5           |  74.5           |  50.9           |  64.0           |  28.6           |  74.5           |   4.7          

(参考) 足切りを考慮しない場合の合成スコア平均(全シーンclearedと仮定):  74.5
最下位シーンの積載個数: suite_D04_A_1c_40_flat.json::000 -> 17/40 個

=== 平均 ===
fill_score      : 23.47
cog_score       : 58.12
stability_score : 98.13
placement_score : 92.86
soft_item_score : 100.00
num_placed_items: 43.1%
fill_counted_ratio: 67.6%
(scored 6/6 scenes)
