pybullet build time: Sep  7 2026 00:15:11
[local_eval] MYSOLVER_OPTIMIZE_BUDGET=45.0s (開発用の短縮予算)

--- running suite_A01_1c_40_plain.json::000 ---
argv[0]=
pybullet build time: Sep  7 2026 00:15:11
[WBC] cont0 interior=(-0.96, -0.685, 0.04, 0.96, 0.685, 1.61) shelf=False cut=(0.44,0.4) prepacked=0
[WBC]   init space ci0 x[-0.96,0.96] y[-0.68,0.68] z[0.04,0.81]
[WBC]   init space ci0 x[-0.52,0.96] y[-0.68,0.68] z[0.04,1.61]
[WBC]   init space ci0 x[-0.96,0.96] y[-0.68,0.68] z[0.85,1.21]
[WBC] #0 ref ci0 y[-0.68,0.68] z[0.04,0.81] band=0.23 wb=0.72 wd=0.35 -> item17 orn4 pos=(0.52,0.52,0.44) slk=-0.016 |S|=3
[WBC] #1 ref ci0 y[-0.68,0.68] z[0.04,0.81] band=0.35 wb=0.72 wd=0.35 -> item14 orn4 pos=(-0.18,0.45,0.41) slk=-0.013 |S|=6
[WBC] #2 ref ci0 y[-0.68,0.68] z[0.77,1.61] band=0.35 wb=0.72 wd=0.35 -> item0 orn1 pos=(-0.21,0.49,1.10) slk=-0.019 |S|=11
[WBC] #3 ref ci0 y[-0.68,0.68] z[0.82,1.61] band=0.35 wb=0.72 wd=0.35 -> item30 orn4 pos=(0.63,0.47,1.13) slk=-0.014 |S|=10
transport item 17
place item 17
transport item 14
place item 14
transport item 39
place item 39
transport item 33
place item 33
transport item 22
place item 22
transport item 7
place item 7
transport item 4
place item 4
transport item 20
place item 20
transport item 34
place item 34
transport item 29
place item 29
transport item 27
place item 27
transport item 5
place item 5
transport item 6
place item 6
transport item 0
place item 0
transport item 30
place item 30
transport item 12
place item 12
transport item 24
place item 24
transport item 25
place item 25
transport item 31
place item 31
transport item 36
place item 36
transport item 9
place item 9
transport item 28
collision: 28 and 0 at (np.float32(-0.161), np.float32(-0.725), np.float32(0.1736)), distance -0.09332286747394757
item 28 not packable. removed.
item 17 not inside (hit boundary plane), [ 1.21435652e-06 -8.54834678e-01 -1.53000121e+00 -1.06516532e+00
 -4.37035320e-01 -1.38999871e+00 -2.00012947e-02]
item 14 not inside (hit boundary plane), [ 9.51172744e-06 -1.39081332e+00 -1.53000951e+00 -5.29186680e-01
 -7.64909299e-02 -1.39632658e+00 -1.36734216e-02]
item 39 not inside (hit boundary plane), [-1.15465856e-05 -2.55275647e-01 -1.52998845e+00 -1.66472435e+00
 -8.40351811e-01 -7.19550912e-01 -6.90449088e-01]
item 33 not inside (hit boundary plane), [-2.23679819e-05 -1.47436264e+00 -1.52997763e+00 -4.45637361e-01
 -2.03131647e-02 -9.36861016e-01 -4.73138984e-01]
item 0 not inside (hit boundary plane), [ 4.43821717e-06 -8.85623053e-01 -1.53000444e+00 -1.03437695e+00
 -4.16322432e-01 -7.05678780e-01 -7.04321220e-01]
item 30 not inside (hit boundary plane), [ 2.77681905e-06 -6.47276979e-01 -1.53000278e+00 -1.27272302e+00
 -5.76652581e-01 -6.91646868e-01 -7.18353132e-01]
close env.
closed runner.
  done in 53.9s (status: Stopped in the middle. Did not satisfy ['is_valid', 'is_placed_safe'])

--- running suite_B01_1c_40_plain.json::000 ---
argv[0]=
pybullet build time: Sep  7 2026 00:15:11
transport item 4
place item 4
transport item 7
place item 7
transport item 11
place item 11
transport item 1
place item 1
transport item 12
place item 12
transport item 0
place item 0
transport item 6
place item 6
transport item 16
place item 16
transport item 15
place item 15
transport item 10
place item 10
transport item 19
place item 19
transport item 20
place item 20
transport item 14
place item 14
transport item 8
place item 8
transport item 18
place item 18
transport item 23
place item 23
transport item 25
place item 25
transport item 17
place item 17
transport item 27
place item 27
transport item 21
place item 21
transport item 29
place item 29
transport item 24
place item 24
transport item 28
place item 28
transport item 31
place item 31
transport item 2
collision: 2 and 20 at (np.float32(-0.263), np.float32(-0.725), np.float32(0.2201)), distance -0.04025199192611978
collision: 2 and 14 at (np.float32(-0.263), np.float32(-0.725), np.float32(0.2201)), distance -0.25588654085511303
collision: 2 and 18 at (np.float32(-0.263), np.float32(-0.725), np.float32(0.2201)), distance -0.09429042272112982
item 2 not packable. removed.
item 4 not inside (hit boundary plane), [ 9.60548445e-06 -2.01995179e-02 -1.53000961e+00 -1.89980048e+00
 -9.98465476e-01 -1.39079481e+00 -1.92051879e-02]
item 7 not inside (hit boundary plane), [ 1.89781392e-05 -4.90218757e-01 -1.53001898e+00 -1.42978124e+00
 -6.82289386e-01 -1.38979896e+00 -2.02010400e-02]
item 11 not inside (hit boundary plane), [ 3.97616407e-05 -8.46262855e-01 -1.53003976e+00 -1.07373715e+00
 -4.42772829e-01 -1.39420997e+00 -1.57900307e-02]
item 1 not inside (hit boundary plane), [ 0.0054407  -0.02960231 -1.5354407  -1.89039769 -0.98812179 -1.00510173
 -0.40489827]
item 10 not inside (hit boundary plane), [ 1.08449462e-04 -4.63325678e-01 -1.53010845e+00 -1.45667432e+00
 -7.00313426e-01 -7.55283264e-01 -6.54716736e-01]
item 20 not inside (hit boundary plane), [ 0.00513567 -0.48618358 -1.53513567 -1.43381642 -0.68121769 -0.61953598
 -0.79046402]
item 14 not inside (hit boundary plane), [ 9.17144450e-06 -1.04010430e+00 -1.53000917e+00 -8.79895697e-01
 -3.12403596e-01 -7.36764391e-01 -6.73235609e-01]
close env.
closed runner.
  done in 23.4s (status: Stopped in the middle. Did not satisfy ['is_valid', 'is_placed_safe'])

--- running suite_A04_2c_80_noprio.json::000 ---
argv[0]=
pybullet build time: Sep  7 2026 00:15:11
[WBC] cont0 interior=(-0.96, -0.685, 0.04, 0.96, 0.685, 1.61) shelf=False cut=(0.44,0.4) prepacked=0
[WBC] cont1 interior=(-0.96, -0.685, 0.04, 0.96, 0.685, 1.61) shelf=False cut=(0.44,0.4) prepacked=0
[WBC]   init space ci0 x[-0.96,0.96] y[-0.68,0.68] z[0.04,0.81]
[WBC]   init space ci1 x[-0.96,0.96] y[-0.68,0.68] z[0.04,1.61]
[WBC]   init space ci0 x[-0.52,0.96] y[-0.68,0.68] z[0.04,1.61]
[WBC]   init space ci0 x[-0.96,0.96] y[-0.68,0.68] z[0.85,1.21]
transport item 22
place item 22
transport item 41
place item 41
transport item 1
place item 1
transport item 30
place item 30
transport item 26
place item 26
transport item 18
place item 18
transport item 4
place item 4
transport item 58
place item 58
transport item 56
place item 56
transport item 15
place item 15
transport item 20
place item 20
transport item 52
place item 52
transport item 9
place item 9
transport item 77
place item 77
transport item 48
place item 48
transport item 69
place item 69
transport item 6
place item 6
transport item 11
place item 11
transport item 43
place item 43
transport item 76
place item 76
transport item 34
place item 34
transport item 37
place item 37
transport item 5
place item 5
transport item 57
place item 57
transport item 67
place item 67
transport item 78
place item 78
transport item 61
place item 61
transport item 8
collision: 8 and 56 at (np.float32(-0.146), np.float32(-0.725), np.float32(0.3436)), distance -0.10268189561202741
collision: 8 and 20 at (np.float32(-0.146), np.float32(-0.725), np.float32(0.3436)), distance -0.08943747995489056
collision: 8 and 77 at (np.float32(-0.146), np.float32(-0.725), np.float32(0.3436)), distance -0.2617552292856005
item 8 not packable. removed.
item 22 not inside (hit boundary plane), [ 1.78008683e-05 -2.07375925e-02 -1.53001780e+00 -1.89926241e+00
 -9.98097464e-01 -7.92898363e-01 -6.17101637e-01]
item 1 not inside (hit boundary plane), [ 1.57809027e-05 -1.01417473e+00 -1.53001578e+00 -9.05825268e-01
 -3.29840822e-01 -1.39613669e+00 -1.38633070e-02]
item 56 not inside (hit boundary plane), [ 2.10314036e-04 -1.44244437e-02 -1.53021031e+00 -1.90557556e+00
 -1.00220170e+00 -7.63644415e-01 -6.46355585e-01]
item 77 not inside (hit boundary plane), [ 1.11586432e-05 -1.20819407e+00 -1.53001116e+00 -7.11805931e-01
 -1.99332713e-01 -6.85019318e-01 -7.24980682e-01]
item 41 not inside (hit boundary plane), [ 2.75792587e-05 -1.69416465e-02 -1.53002758e+00 -1.90305835e+00
 -1.00064366e+00 -1.39196445e+00 -1.80355456e-02]
item 30 not inside (hit boundary plane), [ 3.28060223e-05 -9.35492746e-01 -1.53003281e+00 -9.84507254e-01
 -3.82755456e-01 -1.39572404e+00 -1.42759584e-02]
item 15 not inside (hit boundary plane), [ 9.49944051e-06 -2.64983945e-02 -1.53000950e+00 -1.89350161e+00
 -9.94228472e-01 -7.52130536e-01 -6.57869464e-01]
item 11 not inside (hit boundary plane), [ 6.50762328e-06 -1.20073537e+00 -1.53000651e+00 -7.19264631e-01
 -2.04353419e-01 -8.46594892e-01 -5.63405108e-01]
item 76 not inside (hit boundary plane), [-6.57191496e-06 -9.17702598e-01 -1.52999343e+00 -1.00229740e+00
 -3.94751542e-01 -2.50959007e-01 -1.15904099e+00]
close env.
closed runner.
  done in 41.4s (status: Stopped in the middle. Did not satisfy ['is_valid', 'is_placed_safe'])

--- running suite_D04_A_1c_40_flat.json::000 ---
argv[0]=
pybullet build time: Sep  7 2026 00:15:11
[WBC] cont0 interior=(-0.96, -0.685, 0.04, 0.96, 0.685, 1.61) shelf=False cut=(0.44,0.4) prepacked=0
[WBC]   init space ci0 x[-0.96,0.96] y[-0.68,0.68] z[0.04,0.81]
[WBC]   init space ci0 x[-0.52,0.96] y[-0.68,0.68] z[0.04,1.61]
[WBC]   init space ci0 x[-0.96,0.96] y[-0.68,0.68] z[0.85,1.21]
[WBC] #0 ref ci0 y[-0.68,0.68] z[0.04,0.81] band=0.15 wb=0.72 wd=0.25 -> item27 orn1 pos=(0.47,0.57,0.47) slk=-0.016 |S|=3
[WBC] #1 ref ci0 y[-0.68,0.68] z[0.04,0.81] band=0.25 wb=0.72 wd=0.25 -> item14 orn1 pos=(-0.27,0.49,0.44) slk=-0.016 |S|=7
[WBC] #2 ref ci0 y[-0.68,0.68] z[0.82,1.61] band=0.25 wb=0.72 wd=0.25 -> item26 orn4 pos=(-0.26,0.53,1.18) slk=-0.022 |S|=12
[WBC] #3 ref ci0 y[-0.68,0.68] z[0.85,1.21] band=0.25 wb=0.72 wd=0.25 -> item10 orn1 pos=(0.48,0.55,1.22) slk=-0.020 |S|=14
[WBC] #4 ref ci0 y[-0.68,0.44] z[0.04,1.61] band=0.15 wb=0.48 wd=0.26 -> item6 orn4 pos=(0.47,0.33,0.46) slk=-0.016 |S|=12
[WBC] #5 ref ci0 y[-0.68,0.44] z[0.87,1.61] band=0.26 wb=0.48 wd=0.26 -> item2 orn1 pos=(0.47,0.30,1.18) slk=-0.024 |S|=21
[WBC] #6 ref ci0 y[-0.68,0.19] z[0.04,1.61] band=0.15 wb=0.22 wd=0.27 -> item34 orn4 pos=(-0.01,0.07,0.44) slk=-0.016 |S|=16
[WBC] #7 ref ci0 y[-0.68,0.19] z[0.04,1.61] band=0.27 wb=0.22 wd=0.27 -> item30 orn4 pos=(0.76,0.02,0.42) slk=-0.016 |S|=19
[WBC] #8 ref ci0 y[-0.68,0.19] z[0.04,1.61] band=0.27 wb=0.22 wd=0.27 -> item22 orn1 pos=(0.72,-0.02,1.12) slk=-0.044 |S|=19
[WBC] #9 ref ci0 y[-0.68,0.19] z[0.82,1.61] band=0.27 wb=0.22 wd=0.27 -> item36 orn4 pos=(-0.00,0.02,1.10) slk=-0.199 |S|=18
transport item 27
place item 27
transport item 14
place item 14
transport item 26
place item 26
transport item 10
place item 10
transport item 6
place item 6
transport item 2
place item 2
transport item 34
place item 34
transport item 30
place item 30
transport item 21
place item 21
transport item 20
place item 20
transport item 0
place item 0
transport item 33
place item 33
transport item 25
place item 25
transport item 13
place item 13
transport item 7
place item 7
transport item 29
place item 29
transport item 15
place item 15
transport item 22
place item 22
transport item 36
collision: 36 and 30 at (np.float32(-0.2405), np.float32(-0.725), np.float32(0.1911)), distance -0.29721776413988366
collision: 36 and 0 at (np.float32(-0.2405), np.float32(-0.725), np.float32(0.1911)), distance 0.010133108721503525
collision: 36 and 13 at (np.float32(-0.2405), np.float32(-0.725), np.float32(0.1911)), distance 0.009091883782738546
item 36 not packable. removed.
item 27 not inside (hit boundary plane), [ 1.38510691e-05 -1.98688853e-02 -1.53001385e+00 -1.90013111e+00
 -9.98684742e-01 -1.19771089e+00 -2.12289108e-01]
item 14 not inside (hit boundary plane), [ 9.83448983e-06 -1.03370605e+00 -1.53000983e+00 -8.86293945e-01
 -3.16707033e-01 -1.05268895e+00 -3.57311054e-01]
item 6 not inside (hit boundary plane), [ 1.87731908e-05 -9.66806898e-01 -1.53001877e+00 -9.53193102e-01
 -3.61701661e-01 -1.07026632e+00 -3.39733683e-01]
item 34 not inside (hit boundary plane), [ 2.21952880e-05 -8.94907382e-01 -1.53002220e+00 -1.02509262e+00
 -4.10063978e-01 -8.19492556e-01 -5.90507444e-01]
item 30 not inside (hit boundary plane), [ 7.43796952e-06 -1.32099708e+00 -1.53000744e+00 -5.99002918e-01
 -1.23455948e-01 -7.90561909e-01 -6.19438091e-01]
close env.
closed runner.
  done in 73.8s (status: Stopped in the middle. Did not satisfy ['is_valid', 'is_placed_safe'])

=== シーン別結果 ===
scene                      | fill    | cog     | stability | placement | soft    | placed      | placed%  | fill_cnt% | opt[s]  | policy[s] | status                                    
----------------------------------------------------------------------------------------------------------------------------------------------------------------------------------------
suite_A01_1c_40_plain.json | 23.30   | 61.54   | 98.32     | 100.00    | 100.00  | 21/40       | 52.5     | 71.4      | 47.67   | 0.13      | Stopped in the middle. Did not satisfy ['i
suite_B01_1c_40_plain.json | 27.83   | 61.21   | 97.56     | 100.00    | 100.00  | 24/40       | 60.0     | 70.8      | 0.00    | 1.51      | Stopped in the middle. Did not satisfy ['i
suite_A04_2c_80_noprio.jso | 24.05   | 54.56   | 98.23     | 100.00    | 100.00  | 27/80       | 33.8     | 66.7      | 31.33   | 0.23      | Stopped in the middle. Did not satisfy ['i
suite_D04_A_1c_40_flat.jso | 19.25   | 58.97   | 97.96     | 100.00    | 100.00  | 18/40       | 45.0     | 72.2      | 69.29   | 0.12      | Stopped in the middle. Did not satisfy ['i

=== 足切り閾値 感度分析(仮説ごとの突破可否・合成スコア) ===
scene                      | count>=10       | count>=15       | count>=20       | count>=30%total | count>=50%total | volume>=30%container | volume>=50%container
------------------------------------------------------------------------------------------------------------------------------------------------------------------
suite_A01_1c_40_plain.json | O  76.6         | O  76.6         | O  76.6         | O  76.6         | O  76.6         | O  76.6         | X   4.7        
suite_B01_1c_40_plain.json | O  77.3         | O  77.3         | O  77.3         | O  77.3         | O  77.3         | O  77.3         | X   5.6        
suite_A04_2c_80_noprio.jso | O  75.4         | O  75.4         | O  75.4         | O  75.4         | X   4.8         | O  75.4         | X   4.8        
suite_D04_A_1c_40_flat.jso | O  75.2         | O  75.2         | X   3.8         | O  75.2         | X   3.8         | O  75.2         | X   3.8        
------------------------------------------------------------------------------------------------------------------------------------------------------------------
突破シーン数                     | 4/4             | 4/4             | 3/4             | 4/4             | 2/4             | 4/4             | 0/4            
合成スコア平均                    |  76.1           |  76.1           |  58.3           |  76.1           |  40.7           |  76.1           |   4.7          

(参考) 足切りを考慮しない場合の合成スコア平均(全シーンclearedと仮定):  76.1
最下位シーンの積載個数: suite_D04_A_1c_40_flat.json::000 -> 18/40 個

=== 平均 ===
fill_score      : 23.61
cog_score       : 59.07
stability_score : 98.02
placement_score : 100.00
soft_item_score : 100.00
num_placed_items: 47.8%
fill_counted_ratio: 70.3%
(scored 4/4 scenes)
